int a = 5;
int b = 7;

int main()
{
    foo1();
    printf("b = %i\n", b);
    return 0;
}

void foo1()
{
    foo2();
    return;
}

void foo2()
{
    b = 12;
    printf("a = %i\n", a);
    return;
}

