
int main()
{
    printf("hello from sparc!\n");
    return 0;
}

