
int main(int argc)
{
    if (argc - 2 <= 5) {
        switch(local0) {
        case 2:
            printf("Two!\n");
            return argc - 7;
        break;
        case 3:
            printf("Three!\n");
            return argc - 7;
        break;
        case 4:
            printf("Four!\n");
            return argc - 7;
        break;
        case 5:
            printf("Five!\n");
            return argc - 7;
        break;
        case 6:
            printf("Six!\n");
            return argc - 7;
        break;
        case 7:
            printf("Seven!\n");
            return argc - 7;
        break;
        }
    }
}

