
int main()
{
int local4;
    local4 = fib(10);
    printf("%i\n", local4);
    return 0;
}

int fib(int param7)
{
int local4;
int local5;
int local6;
    if (param7 <= 1) {
        local4 = param7;
    } else {
        local5 = fib(param7 - 1);
        local6 = fib(param7 - 2);
        local4 = local5 + local6;
    }
    return local4;
}

