
int main()
{
int local3;
int local6;
int local7;
int local8;
int local9;
    printf("Input number: ");
    scanf("%d", &local7);
    if (local7 <= 1) {
        local9 = local7;
    } else {
        local9 = fib(local7 - 1);
        local8 = fib(local7 - 2);
        local9 = local8 + local9;
    }
    local3 = local9;
    printf("fibonacci(%d) = %d\n", local7, local3);
    return 0;
}

int fib(int param8)
{
int local6;
int local7;
    if (param8 <= 1) {
        local7 = param8;
    } else {
        local6 = fib(param8 - 1);
        local7 = fib(param8 - 2);
        local7 = local7 + local6;
    }
    return local7;
}

