
int main()
{
    printf("hello from Pentium!\n");
    return 0;
}

