
int main(int argc)
{
    if (argc - 2 > 5) {
        printf("Other!\n");
        return 0;
    }
    switch(local0) {
    case 2:
        printf("Two!\n");
        return 0;
    break;
    case 3:
        printf("Three!\n");
        return 0;
    break;
    case 4:
        printf("Four!\n");
        return 0;
    break;
    case 5:
        printf("Five!\n");
        return 0;
    break;
    case 6:
        printf("Six!\n");
        return 0;
    break;
    case 7:
    break;
    }
    printf("Seven!\n");
    return 0;
}

