MinMax result -2
MinMax result -2
MinMax result 0
MinMax result 2
MinMax result 3
